mpu9250.c:30:13:MPU9250_OnActivate	4	static
mpu9250.c:35:6:MPU9250_IsConnected	8	static
mpu9250.c:43:6:MPU_I2C_Write	32	static
mpu9250.c:48:6:MPU_I2C_Read	32	static
mpu9250.c:59:6:writeRegister	16	static
mpu9250.c:67:6:readRegisters	16	static
mpu9250.c:74:6:writeAK8963Register	16	static
mpu9250.c:90:6:readAK8963Registers	16	static
mpu9250.c:109:16:whoAmI	8	static
mpu9250.c:118:12:whoAmIAK8963	8	static
mpu9250.c:126:9:MPU9250_Init	16	static
mpu9250.c:225:6:MPU9250_SetAccelRange	16	static
mpu9250.c:231:6:MPU9250_SetGyroRange	16	static
mpu9250.c:237:6:MPU9250_SetDLPFBandwidth	16	static
mpu9250.c:244:6:MPU9250_SetSampleRateDivider	16	static
mpu9250.c:287:6:MPU9250_GetData	40	static
mpu9250.c:312:6:MPU6050_GetData_Axis	72	static
mpu9250.c:357:7:calibrate	96	static
